IP Upgrade report for ap_core
Mon Jul  6 19:19:26 2026
Quartus Prime Version 25.1std.0 Build 1129 10/21/2025 SC Lite Edition


---------------------
; Table of Contents ;
---------------------
  1. Legal Notice
  2. IP Upgrade Summary
  3. Successfully Upgraded IP Components
  4. IP Upgrade Messages



----------------
; Legal Notice ;
----------------
Copyright (C) 2025  Altera Corporation. All rights reserved.
Your use of Altera Corporation's design tools, logic functions 
and other software and tools, and any partner logic 
functions, and any output files from any of the foregoing 
(including device programming or simulation files), and any 
associated documentation or information are expressly subject 
to the terms and conditions of the Altera Program License 
Subscription Agreement, the Altera Quartus Prime License Agreement,
the Altera IP License Agreement, or other applicable license
agreement, including, without limitation, that your use is for
the sole purpose of programming logic devices manufactured by
Altera and sold by Altera or its authorized distributors.  Please
refer to the Altera Software License Subscription Agreements 
on the Quartus Prime software download page.



+--------------------------------------------------------------------------------+
; IP Upgrade Summary                                                             ;
+------------------------------+-------------------------------------------------+
; IP Components Upgrade Status ; Passed - Mon Jul  6 19:19:26 2026               ;
; Quartus Prime Version        ; 25.1std.0 Build 1129 10/21/2025 SC Lite Edition ;
; Revision Name                ; ap_core                                         ;
; Top-level Entity Name        ; apf_top                                         ;
; Family                       ; Cyclone V                                       ;
+------------------------------+-------------------------------------------------+


+----------------------------------------------------------------------------------------------------------------------------------------------------------------------------------------+
; Successfully Upgraded IP Components                                                                                                                                                    ;
+------------------+---------------------+---------+-----------------------------------------+---------------------------------------+-----------------------------------------+---------+
; Entity Name      ; Component Name      ; Version ; Original Source File                    ; Generation File Path                  ; New Source File                         ; Message ;
+------------------+---------------------+---------+-----------------------------------------+---------------------------------------+-----------------------------------------+---------+
; mf_ddio_bidir_12 ; ALTDDIO_BIDIR       ; 18.1    ; ../platform/pocket/mf_ddio_bidir_12.qip ; ../platform/pocket/mf_ddio_bidir_12.v ; ../platform/pocket/mf_ddio_bidir_12.qip ;         ;
; mf_pllbase       ; altera_pll          ; 18.1    ; ../target/pocket/mf_pllbase.qip         ; ../target/pocket/mf_pllbase.v         ; ../target/pocket/mf_pllbase.qip         ;         ;
; pll_reconfig     ; altera_pll_reconfig ; 21.1    ; ../target/pocket/pll_reconfig.qip       ; ../target/pocket/pll_reconfig.v       ; ../target/pocket/pll_reconfig.qip       ;         ;
; pin_ddio_clk     ; ALTDDIO_OUT         ; 18.1    ; ../target/pocket/pin_ddio_clk.qip       ; ../target/pocket/pin_ddio_clk.v       ; ../target/pocket/pin_ddio_clk.qip       ;         ;
+------------------+---------------------+---------+-----------------------------------------+---------------------------------------+-----------------------------------------+---------+


+---------------------+
; IP Upgrade Messages ;
+---------------------+
Info (11902): Backing up file "../platform/pocket/mf_ddio_bidir_12.v" to "../platform/pocket/mf_ddio_bidir_12.BAK.v"
Info (11837): Started upgrading IP component ALTDDIO_BIDIR with file "../platform/pocket/mf_ddio_bidir_12.v"
Info (11902): Backing up file "../target/pocket/mf_pllbase.v" to "../target/pocket/mf_pllbase.BAK.v"
Info (11837): Started upgrading IP component altera_pll with file "../target/pocket/mf_pllbase.v"
Info (11902): Backing up file "../target/pocket/pll_reconfig.v" to "../target/pocket/pll_reconfig.BAK.v"
Info (11837): Started upgrading IP component altera_pll_reconfig with file "../target/pocket/pll_reconfig.v"
Info (11902): Backing up file "../target/pocket/pin_ddio_clk.v" to "../target/pocket/pin_ddio_clk.BAK.v"
Info (11837): Started upgrading IP component ALTDDIO_OUT with file "../target/pocket/pin_ddio_clk.v"
Info (11131): Completed upgrading IP component ALTDDIO_BIDIR with file "../platform/pocket/mf_ddio_bidir_12.v"
Info (11131): Completed upgrading IP component altera_pll with file "../target/pocket/mf_pllbase.v"
Info (11131): Completed upgrading IP component altera_pll_reconfig with file "../target/pocket/pll_reconfig.v"
Info (11131): Completed upgrading IP component ALTDDIO_OUT with file "../target/pocket/pin_ddio_clk.v"
Info (23030): Evaluation of Tcl script /home/javier/altera_lite/25.1std/quartus/common/tcl/internal/ip_regen/ip_regen.tcl was successful
Info: Quartus Prime Shell was successful. 0 errors, 0 warnings
    Info: Peak virtual memory: 618 megabytes
    Info: Processing ended: Mon Jul  6 19:19:26 2026
    Info: Elapsed time: 00:00:27
    Info: Total CPU time (on all processors): 00:00:44


